
There are no discarded input sections

Memory Configuration

Name             Origin             Length             Attributes
flash            0x08000000         0x00020000         xr
sram             0x20000000         0x00005000         xrw
*default*        0x00000000         0xffffffff

Linker script and memory map


.text           0x08000000      0x148
 *(.vectors*)
 .vectors       0x08000000       0x1c startup.o
                0x08000000                vectors
 *(.text*)
 .text          0x0800001c       0x90 startup.o
                0x0800001c                MM_fault_Handler
                0x0800001c                Usage_fault_Handler
                0x0800001c                H_fault_Handler
                0x0800001c                Default_Handler
                0x0800001c                Bus_fault
                0x08000028                Reset_Handler
 .text          0x080000ac       0x90 main.o
                0x080000ac                NMI_Handler
                0x080000b8                Bus_Fault
                0x080000c4                main
 *(.rodata*)
 .rodata        0x0800013c        0xc main.o
                0x0800013c                const_variavles
                0x08000148                        _E_text = .

.glue_7         0x08000148        0x0
 .glue_7        0x08000148        0x0 linker stubs

.glue_7t        0x08000148        0x0
 .glue_7t       0x08000148        0x0 linker stubs

.vfp11_veneer   0x08000148        0x0
 .vfp11_veneer  0x08000148        0x0 linker stubs

.v4_bx          0x08000148        0x0
 .v4_bx         0x08000148        0x0 linker stubs

.iplt           0x08000148        0x0
 .iplt          0x08000148        0x0 startup.o

.rel.dyn        0x08000148        0x0
 .rel.iplt      0x08000148        0x0 startup.o

.data           0x20000000       0x10 load address 0x08000148
                0x20000000                        _S_DATA = .
 *(.data*)
 .data          0x20000000        0x0 startup.o
 .data          0x20000000       0x10 main.o
                0x20000000                R_ODR
                0x20000004                global_variables
                0x20000010                        . = ALIGN (0x4)
                0x20000010                        _E_DATA = .

.igot.plt       0x20000010        0x0 load address 0x08000158
 .igot.plt      0x20000010        0x0 startup.o

.bss            0x20000010     0x1000 load address 0x08000158
                0x20000010                        _S_bss = .
 *(.bss*)
 .bss           0x20000010        0x0 startup.o
 .bss           0x20000010        0x0 main.o
                0x20000010                        . = ALIGN (0x4)
                0x20000010                        _E_bss = .
                0x20000010                        . = ALIGN (0x4)
                0x20001010                        . = (. + 0x1000)
 *fill*         0x20000010     0x1000 
                0x20001010                        _stack_top = .
LOAD startup.o
LOAD main.o
OUTPUT(learn_in_depth_cortex_m3.elf elf32-littlearm)
LOAD linker stubs

.debug_info     0x00000000      0x354
 .debug_info    0x00000000      0x198 startup.o
 .debug_info    0x00000198      0x1bc main.o

.debug_abbrev   0x00000000      0x1f6
 .debug_abbrev  0x00000000       0xe5 startup.o
 .debug_abbrev  0x000000e5      0x111 main.o

.debug_loc      0x00000000      0x13c
 .debug_loc     0x00000000       0x7c startup.o
 .debug_loc     0x0000007c       0xc0 main.o

.debug_aranges  0x00000000       0x40
 .debug_aranges
                0x00000000       0x20 startup.o
 .debug_aranges
                0x00000020       0x20 main.o

.debug_line     0x00000000      0x207
 .debug_line    0x00000000      0x16e startup.o
 .debug_line    0x0000016e       0x99 main.o

.debug_str      0x00000000      0x1fe
 .debug_str     0x00000000      0x1fe startup.o
                                0x1c3 (size before relaxing)
 .debug_str     0x000001fe      0x1a4 main.o

.comment        0x00000000       0x44
 .comment       0x00000000       0x44 startup.o
                                 0x45 (size before relaxing)
 .comment       0x00000044       0x45 main.o

.ARM.attributes
                0x00000000       0x2d
 .ARM.attributes
                0x00000000       0x2d startup.o
 .ARM.attributes
                0x0000002d       0x2d main.o

.debug_frame    0x00000000       0xbc
 .debug_frame   0x00000000       0x50 startup.o
 .debug_frame   0x00000050       0x6c main.o
