
There are no discarded input sections

Memory Configuration

Name             Origin             Length             Attributes
flash            0x00000000         0x20000000         xr
sram             0x20000000         0x20000000         xrw
*default*        0x00000000         0xffffffff

Linker script and memory map


.text           0x00000000      0x12c
 *(.vectors*)
 .vectors       0x00000000       0x10 startup.o
                0x00000000                g_p_fn_vectors
 *(.text*)
 .text          0x00000010       0x90 startup.o
                0x00000010                H_fault_Handler
                0x00000010                Default_Handler
                0x00000010                NMI_Handler
                0x0000001c                Reset_Handler
 .text          0x000000a0       0x8c main.o
                0x000000a0                main
 *(.rodata*)
                0x0000012c                        _E_text = .

.glue_7         0x0000012c        0x0
 .glue_7        0x0000012c        0x0 linker stubs

.glue_7t        0x0000012c        0x0
 .glue_7t       0x0000012c        0x0 linker stubs

.vfp11_veneer   0x0000012c        0x0
 .vfp11_veneer  0x0000012c        0x0 linker stubs

.v4_bx          0x0000012c        0x0
 .v4_bx         0x0000012c        0x0 linker stubs

.iplt           0x0000012c        0x0
 .iplt          0x0000012c        0x0 startup.o

.rel.dyn        0x0000012c        0x0
 .rel.iplt      0x0000012c        0x0 startup.o

.data           0x20000000        0x0 load address 0x0000012c
                0x20000000                        _S_DATA = .
 *(.data*)
 .data          0x20000000        0x0 startup.o
 .data          0x20000000        0x0 main.o
                0x20000000                        . = ALIGN (0x4)
                0x20000000                        _E_DATA = .

.igot.plt       0x20000000        0x0 load address 0x0000012c
 .igot.plt      0x20000000        0x0 startup.o

.bss            0x20000000     0x1400 load address 0x0000012c
                0x20000000                        _S_bss = .
 *(.bss*)
 .bss           0x20000000      0x400 startup.o
 .bss           0x20000400        0x0 main.o
                0x20000400                        . = ALIGN (0x4)
                0x20000400                        _E_bss = .
                0x20000400                        . = ALIGN (0x4)
                0x20001400                        . = (. + 0x1000)
 *fill*         0x20000400     0x1000 
                0x20001400                        _stack_top = .
LOAD startup.o
LOAD main.o
OUTPUT(unit3_lap4_cortexM4.elf elf32-littlearm)
LOAD linker stubs

.debug_info     0x00000000      0x212
 .debug_info    0x00000000      0x1ab startup.o
 .debug_info    0x000001ab       0x67 main.o

.debug_abbrev   0x00000000      0x147
 .debug_abbrev  0x00000000       0xe9 startup.o
 .debug_abbrev  0x000000e9       0x5e main.o

.debug_loc      0x00000000       0xb4
 .debug_loc     0x00000000       0x7c startup.o
 .debug_loc     0x0000007c       0x38 main.o

.debug_aranges  0x00000000       0x40
 .debug_aranges
                0x00000000       0x20 startup.o
 .debug_aranges
                0x00000020       0x20 main.o

.debug_line     0x00000000      0x12a
 .debug_line    0x00000000       0x95 startup.o
 .debug_line    0x00000095       0x95 main.o

.debug_str      0x00000000      0x195
 .debug_str     0x00000000      0x195 startup.o
                                0x1b6 (size before relaxing)
 .debug_str     0x00000195       0xd1 main.o

.comment        0x00000000       0x44
 .comment       0x00000000       0x44 startup.o
                                 0x45 (size before relaxing)
 .comment       0x00000044       0x45 main.o

.ARM.attributes
                0x00000000       0x2e
 .ARM.attributes
                0x00000000       0x2e startup.o
 .ARM.attributes
                0x0000002e       0x2e main.o

.debug_frame    0x00000000       0x7c
 .debug_frame   0x00000000       0x50 startup.o
 .debug_frame   0x00000050       0x2c main.o
