
Memory Configuration

Name             Origin             Length             Attributes
flash            0x08000000         0x00020000         xr
sram             0x20000000         0x00005000         xrw
*default*        0x00000000         0xffffffff

Linker script and memory map


.text           0x08000000      0x124
 *(.vectors*)
 .vectors       0x08000000       0x50 startup.o
 *(.text*)
 .text          0x08000050       0xc0 main.o
                0x08000050                NMI_Handler
                0x0800005c                Bus_Fault
                0x08000068                main
 .text          0x08000110        0x8 startup.o
 *(.rodata*)
 .rodata        0x08000118        0xc main.o
                0x08000118                const_variavles

.glue_7         0x08000124        0x0
 .glue_7        0x00000000        0x0 linker stubs

.glue_7t        0x08000124        0x0
 .glue_7t       0x00000000        0x0 linker stubs

.vfp11_veneer   0x08000124        0x0
 .vfp11_veneer  0x00000000        0x0 linker stubs

.v4_bx          0x08000124        0x0
 .v4_bx         0x00000000        0x0 linker stubs

.iplt           0x08000124        0x0
 .iplt          0x00000000        0x0 main.o

.rel.dyn        0x08000124        0x0
 .rel.iplt      0x00000000        0x0 main.o

.data           0x08000124       0x10
 *(.data*)
 .data          0x08000124       0x10 main.o
                0x08000124                R_ODR
                0x08000128                global_variables
 .data          0x08000134        0x0 startup.o

.igot.plt       0x08000134        0x0
 .igot.plt      0x00000000        0x0 main.o

.bss            0x20000000        0x0
 *(.bss*)
 .bss           0x20000000        0x0 main.o
 .bss           0x20000000        0x0 startup.o
LOAD main.o
LOAD startup.o
OUTPUT(learn_in_depth_cortex_m3.elf elf32-littlearm)

.debug_info     0x00000000      0x21a
 .debug_info    0x00000000      0x19e main.o
 .debug_info    0x0000019e       0x7c startup.o

.debug_abbrev   0x00000000      0x111
 .debug_abbrev  0x00000000       0xfd main.o
 .debug_abbrev  0x000000fd       0x14 startup.o

.debug_loc      0x00000000       0x90
 .debug_loc     0x00000000       0x90 main.o

.debug_aranges  0x00000000       0x40
 .debug_aranges
                0x00000000       0x20 main.o
 .debug_aranges
                0x00000020       0x20 startup.o

.debug_line     0x00000000       0xa9
 .debug_line    0x00000000       0x6e main.o
 .debug_line    0x0000006e       0x3b startup.o

.debug_str      0x00000000      0x136
 .debug_str     0x00000000      0x136 main.o
                                0x15d (size before relaxing)

.comment        0x00000000       0x11
 .comment       0x00000000       0x11 main.o
                                 0x12 (size before relaxing)

.ARM.attributes
                0x00000000       0x31
 .ARM.attributes
                0x00000000       0x33 main.o
 .ARM.attributes
                0x00000033       0x21 startup.o

.debug_frame    0x00000000       0x5c
 .debug_frame   0x00000000       0x5c main.o
